1614792702: 20210111/wikidata-20210111-all.md5
1614793511: 20210111/wikidata-20210111.pubtypes
1614793560: 20210111/wikidata-20210111-publications.ndjson.gz
1614793991: 20210111/wikidata-20210111-publications.ndjson.gz
1614794949: 20210111/wikidata-20210111-publications.ndjson.gz
1614795668: 20210111/wikidata-20210111-publications.ndjson.gz
1614797383: 20210111/wikidata-20210111-publications.ndjson.gz
1614798017: 20210111/wikidata-20210111-all.ids.count
1614799199: 20210111/wikidata-20210111-publications.ndjson.gz
1614799646: 20210111/wikidata-20210111-publications.ndjson.gz
1614799715: 20210111/wikidata-20210111-publications.ndjson.gz
1614800153: 20210111/wikidata-20210111-publications.ndjson.gz
1614800185: 20210111/wikidata-20210111-publications.ndjson.gz
1614800377: 20210111/wikidata-20210111-publications.ndjson.gz
1614802031: 20210111/wikidata-20210111.pubtypes
1614806410: 20210111/wikidata-20210111-all.md5
1614806410: 20210111/wikidata-20210111-all.ids.count
1614831333: 20210111/wikidata-20210111.classes.csv
1614832544: 20210111/wikidata-20210111.pubtypes
1614861970: 20210111/wikidata-20210111-publications.ndjson.gz
1614871872: 20210111/wikidata-20210111-publications.ids.count
1614871946: 20210111/wikidata-20210111.classes.count
1614877266: 20210111/wikidata-20210111-all.ids.count
1614908184: 20210111/wikidata-20210111.classes.csv
1615407317: 20210111/wikidata-20210111-all.ids.count
1615440019: 20210111/wikidata-20210111.classes.csv
1615516218: 20210111/wikidata-20210111.classes.csv
1616735341: 20210111/wikidata-20210111-all.ids.count
1617175815: 20210111/wikidata-20210111.classes.csv
1617201281: 20210111/wikidata-20210111.pubtypes
1617255578: 20210111/wikidata-20210111-publications.ndjson.gz
1617261542: 20210111/wikidata-20210111-publications.ids.count
1617322736: 20210111/wikidata-20210111-citations.csv
1617324217: 20210111/wikidata-20210111.classes.count
